Archive member included because of file (symbol)

c:/program files (x86)/atmel/atmel toolchain/avr8 gcc/native/3.4.2.1002/avr8-gnu-toolchain/bin/../lib/gcc/avr/4.7.2/avr5\libgcc.a(_udivmodhi4.o)
                              FreeRTOS/Source/queue.o (__udivmodhi4)
c:/program files (x86)/atmel/atmel toolchain/avr8 gcc/native/3.4.2.1002/avr8-gnu-toolchain/bin/../lib/gcc/avr/4.7.2/avr5\libgcc.a(_exit.o)
                              c:/program files (x86)/atmel/atmel toolchain/avr8 gcc/native/3.4.2.1002/avr8-gnu-toolchain/bin/../lib/gcc/avr/4.7.2/../../../../avr/lib/avr5/crtm328p.o (exit)
c:/program files (x86)/atmel/atmel toolchain/avr8 gcc/native/3.4.2.1002/avr8-gnu-toolchain/bin/../lib/gcc/avr/4.7.2/avr5\libgcc.a(_copy_data.o)
                              Demo/main.o (__do_copy_data)
c:/program files (x86)/atmel/atmel toolchain/avr8 gcc/native/3.4.2.1002/avr8-gnu-toolchain/bin/../lib/gcc/avr/4.7.2/avr5\libgcc.a(_clear_bss.o)
                              FreeRTOS/Source/tasks.o (__do_clear_bss)
c:/program files (x86)/atmel/atmel toolchain/avr8 gcc/native/3.4.2.1002/avr8-gnu-toolchain/bin/../lib/gcc/avr/4.7.2/../../../../avr/lib/avr5\libc.a(malloc.o)
                              FreeRTOS/Source/portable/MemMang/heap_3.o (malloc)
c:/program files (x86)/atmel/atmel toolchain/avr8 gcc/native/3.4.2.1002/avr8-gnu-toolchain/bin/../lib/gcc/avr/4.7.2/../../../../avr/lib/avr5\libc.a(memcpy.o)
                              FreeRTOS/Source/queue.o (memcpy)
c:/program files (x86)/atmel/atmel toolchain/avr8 gcc/native/3.4.2.1002/avr8-gnu-toolchain/bin/../lib/gcc/avr/4.7.2/avr5\libgcc.a(_epilogue.o)
                              c:/program files (x86)/atmel/atmel toolchain/avr8 gcc/native/3.4.2.1002/avr8-gnu-toolchain/bin/../lib/gcc/avr/4.7.2/../../../../avr/lib/avr5\libc.a(malloc.o) (__epilogue_restores__)

Allocating common symbols
Common symbol       size              file

__brkval            0x2               c:/program files (x86)/atmel/atmel toolchain/avr8 gcc/native/3.4.2.1002/avr8-gnu-toolchain/bin/../lib/gcc/avr/4.7.2/../../../../avr/lib/avr5\libc.a(malloc.o)
__flp               0x2               c:/program files (x86)/atmel/atmel toolchain/avr8 gcc/native/3.4.2.1002/avr8-gnu-toolchain/bin/../lib/gcc/avr/4.7.2/../../../../avr/lib/avr5\libc.a(malloc.o)

Discarded input sections

 .bss           0x00000000        0x0 c:/program files (x86)/atmel/atmel toolchain/avr8 gcc/native/3.4.2.1002/avr8-gnu-toolchain/bin/../lib/gcc/avr/4.7.2/../../../../avr/lib/avr5/crtm328p.o
 .text          0x00000000        0x0 Demo/led.o
 .bss           0x00000000        0x0 Demo/led.o
 .text          0x00000000        0x0 Demo/main.o
 .bss           0x00000000        0x0 Demo/main.o
 .text          0x00000000        0x0 FreeRTOS/Source/croutine.o
 .bss           0x00000000        0x0 FreeRTOS/Source/croutine.o
 .text          0x00000000        0x0 FreeRTOS/Source/event_groups.o
 .bss           0x00000000        0x0 FreeRTOS/Source/event_groups.o
 .text.prvTestWaitCondition
                0x00000000       0x24 FreeRTOS/Source/event_groups.o
 .text.xEventGroupCreate
                0x00000000       0x28 FreeRTOS/Source/event_groups.o
 .text.xEventGroupWaitBits
                0x00000000       0xde FreeRTOS/Source/event_groups.o
 .text.xEventGroupClearBits
                0x00000000       0x22 FreeRTOS/Source/event_groups.o
 .text.xEventGroupGetBitsFromISR
                0x00000000        0x8 FreeRTOS/Source/event_groups.o
 .text.xEventGroupSetBits
                0x00000000       0xde FreeRTOS/Source/event_groups.o
 .text.xEventGroupSync
                0x00000000       0xd2 FreeRTOS/Source/event_groups.o
 .text.vEventGroupDelete
                0x00000000       0x32 FreeRTOS/Source/event_groups.o
 .text.vEventGroupSetBitsCallback
                0x00000000        0x8 FreeRTOS/Source/event_groups.o
 .text.vEventGroupClearBitsCallback
                0x00000000        0x8 FreeRTOS/Source/event_groups.o
 .text          0x00000000        0x0 FreeRTOS/Source/list.o
 .bss           0x00000000        0x0 FreeRTOS/Source/list.o
 .text.vListInsertEnd
                0x00000000       0x42 FreeRTOS/Source/list.o
 .text          0x00000000        0x0 FreeRTOS/Source/portable/GCC/ATmega328/port.o
 .bss           0x00000000        0x0 FreeRTOS/Source/portable/GCC/ATmega328/port.o
 .text.vPortEndScheduler
                0x00000000        0x2 FreeRTOS/Source/portable/GCC/ATmega328/port.o
 .text          0x00000000        0x0 FreeRTOS/Source/portable/MemMang/heap_3.o
 .bss           0x00000000        0x0 FreeRTOS/Source/portable/MemMang/heap_3.o
 .text          0x00000000        0x0 FreeRTOS/Source/queue.o
 .bss           0x00000000        0x0 FreeRTOS/Source/queue.o
 .text.prvIsQueueEmpty
                0x00000000       0x16 FreeRTOS/Source/queue.o
 .text.prvCopyDataFromQueue
                0x00000000       0x36 FreeRTOS/Source/queue.o
 .text.prvCopyDataToQueue
                0x00000000       0x92 FreeRTOS/Source/queue.o
 .text.prvUnlockQueue
                0x00000000       0x8c FreeRTOS/Source/queue.o
 .text.xQueueGenericReset
                0x00000000       0xba FreeRTOS/Source/queue.o
 .text.xQueueGenericCreate
                0x00000000       0x80 FreeRTOS/Source/queue.o
 .text.xQueueGenericSend
                0x00000000      0x144 FreeRTOS/Source/queue.o
 .text.xQueueGenericSendFromISR
                0x00000000       0x6e FreeRTOS/Source/queue.o
 .text.xQueueGiveFromISR
                0x00000000       0x52 FreeRTOS/Source/queue.o
 .text.xQueueReceive
                0x00000000      0x132 FreeRTOS/Source/queue.o
 .text.xQueueSemaphoreTake
                0x00000000      0x11a FreeRTOS/Source/queue.o
 .text.xQueuePeek
                0x00000000      0x132 FreeRTOS/Source/queue.o
 .text.xQueueReceiveFromISR
                0x00000000       0x6a FreeRTOS/Source/queue.o
 .text.xQueuePeekFromISR
                0x00000000       0x2e FreeRTOS/Source/queue.o
 .text.uxQueueMessagesWaiting
                0x00000000       0x10 FreeRTOS/Source/queue.o
 .text.uxQueueSpacesAvailable
                0x00000000       0x16 FreeRTOS/Source/queue.o
 .text.uxQueueMessagesWaitingFromISR
                0x00000000        0x6 FreeRTOS/Source/queue.o
 .text.vQueueDelete
                0x00000000        0x6 FreeRTOS/Source/queue.o
 .text.xQueueIsQueueEmptyFromISR
                0x00000000        0xc FreeRTOS/Source/queue.o
 .text.xQueueIsQueueFullFromISR
                0x00000000        0xe FreeRTOS/Source/queue.o
 .text          0x00000000        0x0 FreeRTOS/Source/stream_buffer.o
 .bss           0x00000000        0x0 FreeRTOS/Source/stream_buffer.o
 .text.prvBytesInBuffer
                0x00000000       0x26 FreeRTOS/Source/stream_buffer.o
 .text.prvReadBytesFromBuffer
                0x00000000       0x9a FreeRTOS/Source/stream_buffer.o
 .text.prvReadMessageFromBuffer
                0x00000000       0x9e FreeRTOS/Source/stream_buffer.o
 .text.prvWriteBytesToBuffer
                0x00000000       0x9a FreeRTOS/Source/stream_buffer.o
 .text.prvWriteMessageToBuffer
                0x00000000       0x90 FreeRTOS/Source/stream_buffer.o
 .text.prvInitialiseNewStreamBuffer
                0x00000000       0x20 FreeRTOS/Source/stream_buffer.o
 .text.xStreamBufferGenericCreate
                0x00000000       0x6c FreeRTOS/Source/stream_buffer.o
 .text.vStreamBufferDelete
                0x00000000       0x1a FreeRTOS/Source/stream_buffer.o
 .text.xStreamBufferReset
                0x00000000       0x3e FreeRTOS/Source/stream_buffer.o
 .text.xStreamBufferSetTriggerLevel
                0x00000000       0x22 FreeRTOS/Source/stream_buffer.o
 .text.xStreamBufferSpacesAvailable
                0x00000000       0x38 FreeRTOS/Source/stream_buffer.o
 .text.xStreamBufferBytesAvailable
                0x00000000        0x6 FreeRTOS/Source/stream_buffer.o
 .text.xStreamBufferSend
                0x00000000      0x170 FreeRTOS/Source/stream_buffer.o
 .text.xStreamBufferSendFromISR
                0x00000000       0x90 FreeRTOS/Source/stream_buffer.o
 .text.xStreamBufferReceive
                0x00000000      0x104 FreeRTOS/Source/stream_buffer.o
 .text.xStreamBufferNextMessageLengthBytes
                0x00000000       0x5a FreeRTOS/Source/stream_buffer.o
 .text.xStreamBufferReceiveFromISR
                0x00000000       0x8c FreeRTOS/Source/stream_buffer.o
 .text.xStreamBufferIsEmpty
                0x00000000       0x16 FreeRTOS/Source/stream_buffer.o
 .text.xStreamBufferIsFull
                0x00000000       0x2c FreeRTOS/Source/stream_buffer.o
 .text.xStreamBufferSendCompletedFromISR
                0x00000000       0x4a FreeRTOS/Source/stream_buffer.o
 .text.xStreamBufferReceiveCompletedFromISR
                0x00000000       0x4a FreeRTOS/Source/stream_buffer.o
 .text          0x00000000        0x0 FreeRTOS/Source/tasks.o
 .bss           0x00000000        0x0 FreeRTOS/Source/tasks.o
 .text.vTaskDelete
                0x00000000       0xb2 FreeRTOS/Source/tasks.o
 .text.vTaskEndScheduler
                0x00000000        0xc FreeRTOS/Source/tasks.o
 .text.xTaskGetTickCountFromISR
                0x00000000        0xe FreeRTOS/Source/tasks.o
 .text.uxTaskGetNumberOfTasks
                0x00000000        0x6 FreeRTOS/Source/tasks.o
 .text.pcTaskGetName
                0x00000000       0x1a FreeRTOS/Source/tasks.o
 .text.xTaskCatchUpTicks
                0x00000000       0x28 FreeRTOS/Source/tasks.o
 .text.vTaskDelay
                0x00000000       0x28 FreeRTOS/Source/tasks.o
 .text.vTaskPlaceOnEventList
                0x00000000       0x24 FreeRTOS/Source/tasks.o
 .text.vTaskPlaceOnUnorderedEventList
                0x00000000       0x8c FreeRTOS/Source/tasks.o
 .text.xTaskRemoveFromEventList
                0x00000000      0x17a FreeRTOS/Source/tasks.o
 .text.vTaskRemoveFromUnorderedEventList
                0x00000000      0x14c FreeRTOS/Source/tasks.o
 .text.vTaskSetTimeOutState
                0x00000000       0x20 FreeRTOS/Source/tasks.o
 .text.vTaskInternalSetTimeOutState
                0x00000000       0x16 FreeRTOS/Source/tasks.o
 .text.xTaskCheckForTimeOut
                0x00000000       0x62 FreeRTOS/Source/tasks.o
 .text.vTaskMissedYield
                0x00000000        0x8 FreeRTOS/Source/tasks.o
 .text.uxTaskResetEventItemValue
                0x00000000       0x2e FreeRTOS/Source/tasks.o
 .text.ulTaskGenericNotifyTake
                0x00000000       0xfe FreeRTOS/Source/tasks.o
 .text.xTaskGenericNotifyWait
                0x00000000      0x142 FreeRTOS/Source/tasks.o
 .text.xTaskGenericNotify
                0x00000000      0x200 FreeRTOS/Source/tasks.o
 .text.xTaskGenericNotifyFromISR
                0x00000000      0x24c FreeRTOS/Source/tasks.o
 .text.vTaskGenericNotifyGiveFromISR
                0x00000000      0x17e FreeRTOS/Source/tasks.o
 .text.xTaskGenericNotifyStateClear
                0x00000000       0x34 FreeRTOS/Source/tasks.o
 .text.ulTaskGenericNotifyValueClear
                0x00000000       0x7a FreeRTOS/Source/tasks.o
 .text          0x00000000        0x0 FreeRTOS/Source/timers.o
 .bss           0x00000000        0x0 FreeRTOS/Source/timers.o
 .text          0x00000000        0x0 c:/program files (x86)/atmel/atmel toolchain/avr8 gcc/native/3.4.2.1002/avr8-gnu-toolchain/bin/../lib/gcc/avr/4.7.2/avr5\libgcc.a(_udivmodhi4.o)
 .bss           0x00000000        0x0 c:/program files (x86)/atmel/atmel toolchain/avr8 gcc/native/3.4.2.1002/avr8-gnu-toolchain/bin/../lib/gcc/avr/4.7.2/avr5\libgcc.a(_udivmodhi4.o)
 .text.libgcc.mul
                0x00000000        0x0 c:/program files (x86)/atmel/atmel toolchain/avr8 gcc/native/3.4.2.1002/avr8-gnu-toolchain/bin/../lib/gcc/avr/4.7.2/avr5\libgcc.a(_udivmodhi4.o)
 .text.libgcc.div
                0x00000000       0x28 c:/program files (x86)/atmel/atmel toolchain/avr8 gcc/native/3.4.2.1002/avr8-gnu-toolchain/bin/../lib/gcc/avr/4.7.2/avr5\libgcc.a(_udivmodhi4.o)
 .text.libgcc   0x00000000        0x0 c:/program files (x86)/atmel/atmel toolchain/avr8 gcc/native/3.4.2.1002/avr8-gnu-toolchain/bin/../lib/gcc/avr/4.7.2/avr5\libgcc.a(_udivmodhi4.o)
 .text.libgcc.prologue
                0x00000000        0x0 c:/program files (x86)/atmel/atmel toolchain/avr8 gcc/native/3.4.2.1002/avr8-gnu-toolchain/bin/../lib/gcc/avr/4.7.2/avr5\libgcc.a(_udivmodhi4.o)
 .text.libgcc.builtins
                0x00000000        0x0 c:/program files (x86)/atmel/atmel toolchain/avr8 gcc/native/3.4.2.1002/avr8-gnu-toolchain/bin/../lib/gcc/avr/4.7.2/avr5\libgcc.a(_udivmodhi4.o)
 .text.libgcc.fmul
                0x00000000        0x0 c:/program files (x86)/atmel/atmel toolchain/avr8 gcc/native/3.4.2.1002/avr8-gnu-toolchain/bin/../lib/gcc/avr/4.7.2/avr5\libgcc.a(_udivmodhi4.o)
 .text          0x00000000        0x0 c:/program files (x86)/atmel/atmel toolchain/avr8 gcc/native/3.4.2.1002/avr8-gnu-toolchain/bin/../lib/gcc/avr/4.7.2/avr5\libgcc.a(_exit.o)
 .bss           0x00000000        0x0 c:/program files (x86)/atmel/atmel toolchain/avr8 gcc/native/3.4.2.1002/avr8-gnu-toolchain/bin/../lib/gcc/avr/4.7.2/avr5\libgcc.a(_exit.o)
 .text.libgcc.mul
                0x00000000        0x0 c:/program files (x86)/atmel/atmel toolchain/avr8 gcc/native/3.4.2.1002/avr8-gnu-toolchain/bin/../lib/gcc/avr/4.7.2/avr5\libgcc.a(_exit.o)
 .text.libgcc.div
                0x00000000        0x0 c:/program files (x86)/atmel/atmel toolchain/avr8 gcc/native/3.4.2.1002/avr8-gnu-toolchain/bin/../lib/gcc/avr/4.7.2/avr5\libgcc.a(_exit.o)
 .text.libgcc   0x00000000        0x0 c:/program files (x86)/atmel/atmel toolchain/avr8 gcc/native/3.4.2.1002/avr8-gnu-toolchain/bin/../lib/gcc/avr/4.7.2/avr5\libgcc.a(_exit.o)
 .text.libgcc.prologue
                0x00000000        0x0 c:/program files (x86)/atmel/atmel toolchain/avr8 gcc/native/3.4.2.1002/avr8-gnu-toolchain/bin/../lib/gcc/avr/4.7.2/avr5\libgcc.a(_exit.o)
 .text.libgcc.builtins
                0x00000000        0x0 c:/program files (x86)/atmel/atmel toolchain/avr8 gcc/native/3.4.2.1002/avr8-gnu-toolchain/bin/../lib/gcc/avr/4.7.2/avr5\libgcc.a(_exit.o)
 .text.libgcc.fmul
                0x00000000        0x0 c:/program files (x86)/atmel/atmel toolchain/avr8 gcc/native/3.4.2.1002/avr8-gnu-toolchain/bin/../lib/gcc/avr/4.7.2/avr5\libgcc.a(_exit.o)
 .text          0x00000000        0x0 c:/program files (x86)/atmel/atmel toolchain/avr8 gcc/native/3.4.2.1002/avr8-gnu-toolchain/bin/../lib/gcc/avr/4.7.2/avr5\libgcc.a(_copy_data.o)
 .bss           0x00000000        0x0 c:/program files (x86)/atmel/atmel toolchain/avr8 gcc/native/3.4.2.1002/avr8-gnu-toolchain/bin/../lib/gcc/avr/4.7.2/avr5\libgcc.a(_copy_data.o)
 .text.libgcc.mul
                0x00000000        0x0 c:/program files (x86)/atmel/atmel toolchain/avr8 gcc/native/3.4.2.1002/avr8-gnu-toolchain/bin/../lib/gcc/avr/4.7.2/avr5\libgcc.a(_copy_data.o)
 .text.libgcc.div
                0x00000000        0x0 c:/program files (x86)/atmel/atmel toolchain/avr8 gcc/native/3.4.2.1002/avr8-gnu-toolchain/bin/../lib/gcc/avr/4.7.2/avr5\libgcc.a(_copy_data.o)
 .text.libgcc   0x00000000        0x0 c:/program files (x86)/atmel/atmel toolchain/avr8 gcc/native/3.4.2.1002/avr8-gnu-toolchain/bin/../lib/gcc/avr/4.7.2/avr5\libgcc.a(_copy_data.o)
 .text.libgcc.prologue
                0x00000000        0x0 c:/program files (x86)/atmel/atmel toolchain/avr8 gcc/native/3.4.2.1002/avr8-gnu-toolchain/bin/../lib/gcc/avr/4.7.2/avr5\libgcc.a(_copy_data.o)
 .text.libgcc.builtins
                0x00000000        0x0 c:/program files (x86)/atmel/atmel toolchain/avr8 gcc/native/3.4.2.1002/avr8-gnu-toolchain/bin/../lib/gcc/avr/4.7.2/avr5\libgcc.a(_copy_data.o)
 .text.libgcc.fmul
                0x00000000        0x0 c:/program files (x86)/atmel/atmel toolchain/avr8 gcc/native/3.4.2.1002/avr8-gnu-toolchain/bin/../lib/gcc/avr/4.7.2/avr5\libgcc.a(_copy_data.o)
 .text          0x00000000        0x0 c:/program files (x86)/atmel/atmel toolchain/avr8 gcc/native/3.4.2.1002/avr8-gnu-toolchain/bin/../lib/gcc/avr/4.7.2/avr5\libgcc.a(_clear_bss.o)
 .bss           0x00000000        0x0 c:/program files (x86)/atmel/atmel toolchain/avr8 gcc/native/3.4.2.1002/avr8-gnu-toolchain/bin/../lib/gcc/avr/4.7.2/avr5\libgcc.a(_clear_bss.o)
 .text.libgcc.mul
                0x00000000        0x0 c:/program files (x86)/atmel/atmel toolchain/avr8 gcc/native/3.4.2.1002/avr8-gnu-toolchain/bin/../lib/gcc/avr/4.7.2/avr5\libgcc.a(_clear_bss.o)
 .text.libgcc.div
                0x00000000        0x0 c:/program files (x86)/atmel/atmel toolchain/avr8 gcc/native/3.4.2.1002/avr8-gnu-toolchain/bin/../lib/gcc/avr/4.7.2/avr5\libgcc.a(_clear_bss.o)
 .text.libgcc   0x00000000        0x0 c:/program files (x86)/atmel/atmel toolchain/avr8 gcc/native/3.4.2.1002/avr8-gnu-toolchain/bin/../lib/gcc/avr/4.7.2/avr5\libgcc.a(_clear_bss.o)
 .text.libgcc.prologue
                0x00000000        0x0 c:/program files (x86)/atmel/atmel toolchain/avr8 gcc/native/3.4.2.1002/avr8-gnu-toolchain/bin/../lib/gcc/avr/4.7.2/avr5\libgcc.a(_clear_bss.o)
 .text.libgcc.builtins
                0x00000000        0x0 c:/program files (x86)/atmel/atmel toolchain/avr8 gcc/native/3.4.2.1002/avr8-gnu-toolchain/bin/../lib/gcc/avr/4.7.2/avr5\libgcc.a(_clear_bss.o)
 .text.libgcc.fmul
                0x00000000        0x0 c:/program files (x86)/atmel/atmel toolchain/avr8 gcc/native/3.4.2.1002/avr8-gnu-toolchain/bin/../lib/gcc/avr/4.7.2/avr5\libgcc.a(_clear_bss.o)
 .text          0x00000000        0x0 c:/program files (x86)/atmel/atmel toolchain/avr8 gcc/native/3.4.2.1002/avr8-gnu-toolchain/bin/../lib/gcc/avr/4.7.2/../../../../avr/lib/avr5\libc.a(malloc.o)
 .bss           0x00000000        0x0 c:/program files (x86)/atmel/atmel toolchain/avr8 gcc/native/3.4.2.1002/avr8-gnu-toolchain/bin/../lib/gcc/avr/4.7.2/../../../../avr/lib/avr5\libc.a(malloc.o)
 .text          0x00000000        0x0 c:/program files (x86)/atmel/atmel toolchain/avr8 gcc/native/3.4.2.1002/avr8-gnu-toolchain/bin/../lib/gcc/avr/4.7.2/../../../../avr/lib/avr5\libc.a(memcpy.o)
 .bss           0x00000000        0x0 c:/program files (x86)/atmel/atmel toolchain/avr8 gcc/native/3.4.2.1002/avr8-gnu-toolchain/bin/../lib/gcc/avr/4.7.2/../../../../avr/lib/avr5\libc.a(memcpy.o)
 .text.avr-libc
                0x00000000       0x12 c:/program files (x86)/atmel/atmel toolchain/avr8 gcc/native/3.4.2.1002/avr8-gnu-toolchain/bin/../lib/gcc/avr/4.7.2/../../../../avr/lib/avr5\libc.a(memcpy.o)
 .text          0x00000000        0x0 c:/program files (x86)/atmel/atmel toolchain/avr8 gcc/native/3.4.2.1002/avr8-gnu-toolchain/bin/../lib/gcc/avr/4.7.2/avr5\libgcc.a(_epilogue.o)
 .bss           0x00000000        0x0 c:/program files (x86)/atmel/atmel toolchain/avr8 gcc/native/3.4.2.1002/avr8-gnu-toolchain/bin/../lib/gcc/avr/4.7.2/avr5\libgcc.a(_epilogue.o)
 .text.libgcc.mul
                0x00000000        0x0 c:/program files (x86)/atmel/atmel toolchain/avr8 gcc/native/3.4.2.1002/avr8-gnu-toolchain/bin/../lib/gcc/avr/4.7.2/avr5\libgcc.a(_epilogue.o)
 .text.libgcc.div
                0x00000000        0x0 c:/program files (x86)/atmel/atmel toolchain/avr8 gcc/native/3.4.2.1002/avr8-gnu-toolchain/bin/../lib/gcc/avr/4.7.2/avr5\libgcc.a(_epilogue.o)
 .text.libgcc   0x00000000        0x0 c:/program files (x86)/atmel/atmel toolchain/avr8 gcc/native/3.4.2.1002/avr8-gnu-toolchain/bin/../lib/gcc/avr/4.7.2/avr5\libgcc.a(_epilogue.o)
 .text.libgcc.builtins
                0x00000000        0x0 c:/program files (x86)/atmel/atmel toolchain/avr8 gcc/native/3.4.2.1002/avr8-gnu-toolchain/bin/../lib/gcc/avr/4.7.2/avr5\libgcc.a(_epilogue.o)
 .text.libgcc.fmul
                0x00000000        0x0 c:/program files (x86)/atmel/atmel toolchain/avr8 gcc/native/3.4.2.1002/avr8-gnu-toolchain/bin/../lib/gcc/avr/4.7.2/avr5\libgcc.a(_epilogue.o)

Memory Configuration

Name             Origin             Length             Attributes
text             0x00000000         0x00020000         xr
data             0x00800060         0x0000ffa0         rw !x
eeprom           0x00810000         0x00010000         rw !x
fuse             0x00820000         0x00000400         rw !x
lock             0x00830000         0x00000400         rw !x
signature        0x00840000         0x00000400         rw !x
user_signatures  0x00850000         0x00000400         rw !x
*default*        0x00000000         0xffffffff

Linker script and memory map

Address of section .data set to 0x800100
LOAD c:/program files (x86)/atmel/atmel toolchain/avr8 gcc/native/3.4.2.1002/avr8-gnu-toolchain/bin/../lib/gcc/avr/4.7.2/../../../../avr/lib/avr5/crtm328p.o
LOAD Demo/led.o
LOAD Demo/main.o
LOAD FreeRTOS/Source/croutine.o
LOAD FreeRTOS/Source/event_groups.o
LOAD FreeRTOS/Source/list.o
LOAD FreeRTOS/Source/portable/GCC/ATmega328/port.o
LOAD FreeRTOS/Source/portable/MemMang/heap_3.o
LOAD FreeRTOS/Source/queue.o
LOAD FreeRTOS/Source/stream_buffer.o
LOAD FreeRTOS/Source/tasks.o
LOAD FreeRTOS/Source/timers.o
START GROUP
LOAD c:/program files (x86)/atmel/atmel toolchain/avr8 gcc/native/3.4.2.1002/avr8-gnu-toolchain/bin/../lib/gcc/avr/4.7.2/../../../../avr/lib/avr5\libm.a
END GROUP
LOAD c:/program files (x86)/atmel/atmel toolchain/avr8 gcc/native/3.4.2.1002/avr8-gnu-toolchain/bin/../lib/gcc/avr/4.7.2/avr5\libgcc.a
LOAD c:/program files (x86)/atmel/atmel toolchain/avr8 gcc/native/3.4.2.1002/avr8-gnu-toolchain/bin/../lib/gcc/avr/4.7.2/../../../../avr/lib/avr5\libc.a
LOAD c:/program files (x86)/atmel/atmel toolchain/avr8 gcc/native/3.4.2.1002/avr8-gnu-toolchain/bin/../lib/gcc/avr/4.7.2/avr5\libgcc.a

.hash
 *(.hash)

.dynsym
 *(.dynsym)

.dynstr
 *(.dynstr)

.gnu.version
 *(.gnu.version)

.gnu.version_d
 *(.gnu.version_d)

.gnu.version_r
 *(.gnu.version_r)

.rel.init
 *(.rel.init)

.rela.init
 *(.rela.init)

.rel.text
 *(.rel.text)
 *(.rel.text.*)
 *(.rel.gnu.linkonce.t*)

.rela.text
 *(.rela.text)
 *(.rela.text.*)
 *(.rela.gnu.linkonce.t*)

.rel.fini
 *(.rel.fini)

.rela.fini
 *(.rela.fini)

.rel.rodata
 *(.rel.rodata)
 *(.rel.rodata.*)
 *(.rel.gnu.linkonce.r*)

.rela.rodata
 *(.rela.rodata)
 *(.rela.rodata.*)
 *(.rela.gnu.linkonce.r*)

.rel.data
 *(.rel.data)
 *(.rel.data.*)
 *(.rel.gnu.linkonce.d*)

.rela.data
 *(.rela.data)
 *(.rela.data.*)
 *(.rela.gnu.linkonce.d*)

.rel.ctors
 *(.rel.ctors)

.rela.ctors
 *(.rela.ctors)

.rel.dtors
 *(.rel.dtors)

.rela.dtors
 *(.rela.dtors)

.rel.got
 *(.rel.got)

.rela.got
 *(.rela.got)

.rel.bss
 *(.rel.bss)

.rela.bss
 *(.rela.bss)

.rel.plt
 *(.rel.plt)

.rela.plt
 *(.rela.plt)

.text           0x00000000     0x123c
 *(.vectors)
 .vectors       0x00000000       0x68 c:/program files (x86)/atmel/atmel toolchain/avr8 gcc/native/3.4.2.1002/avr8-gnu-toolchain/bin/../lib/gcc/avr/4.7.2/../../../../avr/lib/avr5/crtm328p.o
                0x00000000                __vector_default
                0x00000000                __vectors
 *(.vectors)
 *(.progmem.gcc*)
 *(.progmem*)
                0x00000068                . = ALIGN (0x2)
                0x00000068                __trampolines_start = .
 *(.trampolines)
 .trampolines   0x00000068        0x0 linker stubs
 *(.trampolines*)
                0x00000068                __trampolines_end = .
 *(.jumptables)
 *(.jumptables*)
 *(.lowtext)
 *(.lowtext*)
                0x00000068                __ctors_start = .
 *(.ctors)
                0x00000068                __ctors_end = .
                0x00000068                __dtors_start = .
 *(.dtors)
                0x00000068                __dtors_end = .
 SORT(*)(.ctors)
 SORT(*)(.dtors)
 *(.init0)
 .init0         0x00000068        0x0 c:/program files (x86)/atmel/atmel toolchain/avr8 gcc/native/3.4.2.1002/avr8-gnu-toolchain/bin/../lib/gcc/avr/4.7.2/../../../../avr/lib/avr5/crtm328p.o
                0x00000068                __init
 *(.init0)
 *(.init1)
 *(.init1)
 *(.init2)
 .init2         0x00000068        0xc c:/program files (x86)/atmel/atmel toolchain/avr8 gcc/native/3.4.2.1002/avr8-gnu-toolchain/bin/../lib/gcc/avr/4.7.2/../../../../avr/lib/avr5/crtm328p.o
 *(.init2)
 *(.init3)
 *(.init3)
 *(.init4)
 .init4         0x00000074       0x16 c:/program files (x86)/atmel/atmel toolchain/avr8 gcc/native/3.4.2.1002/avr8-gnu-toolchain/bin/../lib/gcc/avr/4.7.2/avr5\libgcc.a(_copy_data.o)
                0x00000074                __do_copy_data
 .init4         0x0000008a       0x10 c:/program files (x86)/atmel/atmel toolchain/avr8 gcc/native/3.4.2.1002/avr8-gnu-toolchain/bin/../lib/gcc/avr/4.7.2/avr5\libgcc.a(_clear_bss.o)
                0x0000008a                __do_clear_bss
 *(.init4)
 *(.init5)
 *(.init5)
 *(.init6)
 *(.init6)
 *(.init7)
 *(.init7)
 *(.init8)
 *(.init8)
 *(.init9)
 .init9         0x0000009a        0x8 c:/program files (x86)/atmel/atmel toolchain/avr8 gcc/native/3.4.2.1002/avr8-gnu-toolchain/bin/../lib/gcc/avr/4.7.2/../../../../avr/lib/avr5/crtm328p.o
 *(.init9)
 *(.text)
 .text          0x000000a2        0x4 c:/program files (x86)/atmel/atmel toolchain/avr8 gcc/native/3.4.2.1002/avr8-gnu-toolchain/bin/../lib/gcc/avr/4.7.2/../../../../avr/lib/avr5/crtm328p.o
                0x000000a2                __vector_22
                0x000000a2                __vector_1
                0x000000a2                __vector_24
                0x000000a2                __vector_12
                0x000000a2                __bad_interrupt
                0x000000a2                __vector_6
                0x000000a2                __vector_3
                0x000000a2                __vector_23
                0x000000a2                __vector_25
                0x000000a2                __vector_11
                0x000000a2                __vector_13
                0x000000a2                __vector_17
                0x000000a2                __vector_19
                0x000000a2                __vector_5
                0x000000a2                __vector_4
                0x000000a2                __vector_9
                0x000000a2                __vector_2
                0x000000a2                __vector_21
                0x000000a2                __vector_15
                0x000000a2                __vector_8
                0x000000a2                __vector_14
                0x000000a2                __vector_10
                0x000000a2                __vector_16
                0x000000a2                __vector_18
                0x000000a2                __vector_20
                0x000000a6                . = ALIGN (0x2)
 *(.text.*)
 .text.vLEDInit
                0x000000a6        0xe Demo/led.o
                0x000000a6                vLEDInit
 .text.vLED1Toggle
                0x000000b4        0xa Demo/led.o
                0x000000b4                vLED1Toggle
 .text.vLED2Toggle
                0x000000be        0x8 Demo/led.o
                0x000000be                vLED2Toggle
 .text.vLED3Toggle
                0x000000c6        0xa Demo/led.o
                0x000000c6                vLED3Toggle
 .text.vLED4Toggle
                0x000000d0        0xa Demo/led.o
                0x000000d0                vLED4Toggle
 .text.vLED5Toggle
                0x000000da        0xa Demo/led.o
                0x000000da                vLED5Toggle
 .text.vLED5FlashTask
                0x000000e4       0x24 Demo/main.o
                0x000000e4                vLED5FlashTask
 .text.vLED4FlashTask
                0x00000108       0x24 Demo/main.o
                0x00000108                vLED4FlashTask
 .text.vLED3FlashTask
                0x0000012c       0x24 Demo/main.o
                0x0000012c                vLED3FlashTask
 .text.vLED2FlashTask
                0x00000150       0x24 Demo/main.o
                0x00000150                vLED2FlashTask
 .text.vLED1FlashTask
                0x00000174       0x24 Demo/main.o
                0x00000174                vLED1FlashTask
 .text.init     0x00000198        0x8 Demo/main.o
                0x00000198                init
 .text.main     0x000001a0       0x8c Demo/main.o
                0x000001a0                main
 .text.vApplicationIdleHook
                0x0000022c        0x4 Demo/main.o
                0x0000022c                vApplicationIdleHook
 .text.vListInitialise
                0x00000230       0x1c FreeRTOS/Source/list.o
                0x00000230                vListInitialise
 .text.vListInitialiseItem
                0x0000024c        0x8 FreeRTOS/Source/list.o
                0x0000024c                vListInitialiseItem
 .text.vListInsert
                0x00000254       0x62 FreeRTOS/Source/list.o
                0x00000254                vListInsert
 .text.uxListRemove
                0x000002b6       0x4e FreeRTOS/Source/list.o
                0x000002b6                uxListRemove
 .text.pxPortInitialiseStack
                0x00000304      0x128 FreeRTOS/Source/portable/GCC/ATmega328/port.o
                0x00000304                pxPortInitialiseStack
 .text.xPortStartScheduler
                0x0000042c       0x7e FreeRTOS/Source/portable/GCC/ATmega328/port.o
                0x0000042c                xPortStartScheduler
 .text.vPortYield
                0x000004aa       0xb2 FreeRTOS/Source/portable/GCC/ATmega328/port.o
                0x000004aa                vPortYield
 .text.vPortYieldFromTick
                0x0000055c       0xb8 FreeRTOS/Source/portable/GCC/ATmega328/port.o
                0x0000055c                vPortYieldFromTick
 .text.__vector_7
                0x00000614        0x6 FreeRTOS/Source/portable/GCC/ATmega328/port.o
                0x00000614                __vector_7
 .text.pvPortMalloc
                0x0000061a       0x22 FreeRTOS/Source/portable/MemMang/heap_3.o
                0x0000061a                pvPortMalloc
 .text.vPortFree
                0x0000063c       0x1e FreeRTOS/Source/portable/MemMang/heap_3.o
                0x0000063c                vPortFree
 .text.prvResetNextTaskUnblockTime
                0x0000065a       0x38 FreeRTOS/Source/tasks.o
 .text.prvAddCurrentTaskToDelayedList
                0x00000692       0x88 FreeRTOS/Source/tasks.o
 .text.prvDeleteTCB
                0x0000071a       0x1a FreeRTOS/Source/tasks.o
 .text.prvIdleTask
                0x00000734       0x58 FreeRTOS/Source/tasks.o
 .text.xTaskCreate
                0x0000078c      0x266 FreeRTOS/Source/tasks.o
                0x0000078c                xTaskCreate
 .text.vTaskStartScheduler
                0x000009f2       0x58 FreeRTOS/Source/tasks.o
                0x000009f2                vTaskStartScheduler
 .text.vTaskSuspendAll
                0x00000a4a        0xc FreeRTOS/Source/tasks.o
                0x00000a4a                vTaskSuspendAll
 .text.xTaskGetTickCount
                0x00000a56       0x18 FreeRTOS/Source/tasks.o
                0x00000a56                xTaskGetTickCount
 .text.xTaskIncrementTick
                0x00000a6e      0x238 FreeRTOS/Source/tasks.o
                0x00000a6e                xTaskIncrementTick
 .text.xTaskResumeAll
                0x00000ca6      0x1b8 FreeRTOS/Source/tasks.o
                0x00000ca6                xTaskResumeAll
 .text.xTaskDelayUntil
                0x00000e5e       0x84 FreeRTOS/Source/tasks.o
                0x00000e5e                xTaskDelayUntil
 .text.vTaskSwitchContext
                0x00000ee2       0xb0 FreeRTOS/Source/tasks.o
                0x00000ee2                vTaskSwitchContext
 .text.avr-libc
                0x00000f92      0x270 c:/program files (x86)/atmel/atmel toolchain/avr8 gcc/native/3.4.2.1002/avr8-gnu-toolchain/bin/../lib/gcc/avr/4.7.2/../../../../avr/lib/avr5\libc.a(malloc.o)
                0x00000f92                malloc
                0x000010c8                free
 .text.libgcc.prologue
                0x00001202       0x36 c:/program files (x86)/atmel/atmel toolchain/avr8 gcc/native/3.4.2.1002/avr8-gnu-toolchain/bin/../lib/gcc/avr/4.7.2/avr5\libgcc.a(_epilogue.o)
                0x00001202                __epilogue_restores__
                0x00001238                . = ALIGN (0x2)
 *(.fini9)
 .fini9         0x00001238        0x0 c:/program files (x86)/atmel/atmel toolchain/avr8 gcc/native/3.4.2.1002/avr8-gnu-toolchain/bin/../lib/gcc/avr/4.7.2/avr5\libgcc.a(_exit.o)
                0x00001238                _exit
                0x00001238                exit
 *(.fini9)
 *(.fini8)
 *(.fini8)
 *(.fini7)
 *(.fini7)
 *(.fini6)
 *(.fini6)
 *(.fini5)
 *(.fini5)
 *(.fini4)
 *(.fini4)
 *(.fini3)
 *(.fini3)
 *(.fini2)
 *(.fini2)
 *(.fini1)
 *(.fini1)
 *(.fini0)
 .fini0         0x00001238        0x4 c:/program files (x86)/atmel/atmel toolchain/avr8 gcc/native/3.4.2.1002/avr8-gnu-toolchain/bin/../lib/gcc/avr/4.7.2/avr5\libgcc.a(_exit.o)
 *(.fini0)
                0x0000123c                _etext = .

.data           0x00800100       0x58 load address 0x0000123c
                0x00800100                PROVIDE (__data_start, .)
 *(.data)
 .data          0x00800100        0x0 c:/program files (x86)/atmel/atmel toolchain/avr8 gcc/native/3.4.2.1002/avr8-gnu-toolchain/bin/../lib/gcc/avr/4.7.2/../../../../avr/lib/avr5/crtm328p.o
 .data          0x00800100        0x0 Demo/led.o
 .data          0x00800100        0x0 Demo/main.o
 .data          0x00800100        0x0 FreeRTOS/Source/croutine.o
 .data          0x00800100        0x0 FreeRTOS/Source/event_groups.o
 .data          0x00800100        0x0 FreeRTOS/Source/list.o
 .data          0x00800100        0x0 FreeRTOS/Source/portable/GCC/ATmega328/port.o
 .data          0x00800100        0x0 FreeRTOS/Source/portable/MemMang/heap_3.o
 .data          0x00800100        0x0 FreeRTOS/Source/queue.o
 .data          0x00800100        0x0 FreeRTOS/Source/stream_buffer.o
 .data          0x00800100        0x0 FreeRTOS/Source/tasks.o
 .data          0x00800100        0x0 FreeRTOS/Source/timers.o
 .data          0x00800100        0x0 c:/program files (x86)/atmel/atmel toolchain/avr8 gcc/native/3.4.2.1002/avr8-gnu-toolchain/bin/../lib/gcc/avr/4.7.2/avr5\libgcc.a(_udivmodhi4.o)
 .data          0x00800100        0x0 c:/program files (x86)/atmel/atmel toolchain/avr8 gcc/native/3.4.2.1002/avr8-gnu-toolchain/bin/../lib/gcc/avr/4.7.2/avr5\libgcc.a(_exit.o)
 .data          0x00800100        0x0 c:/program files (x86)/atmel/atmel toolchain/avr8 gcc/native/3.4.2.1002/avr8-gnu-toolchain/bin/../lib/gcc/avr/4.7.2/avr5\libgcc.a(_copy_data.o)
 .data          0x00800100        0x0 c:/program files (x86)/atmel/atmel toolchain/avr8 gcc/native/3.4.2.1002/avr8-gnu-toolchain/bin/../lib/gcc/avr/4.7.2/avr5\libgcc.a(_clear_bss.o)
 .data          0x00800100        0x6 c:/program files (x86)/atmel/atmel toolchain/avr8 gcc/native/3.4.2.1002/avr8-gnu-toolchain/bin/../lib/gcc/avr/4.7.2/../../../../avr/lib/avr5\libc.a(malloc.o)
                0x00800100                __malloc_heap_end
                0x00800102                __malloc_heap_start
                0x00800104                __malloc_margin
 .data          0x00800106        0x0 c:/program files (x86)/atmel/atmel toolchain/avr8 gcc/native/3.4.2.1002/avr8-gnu-toolchain/bin/../lib/gcc/avr/4.7.2/../../../../avr/lib/avr5\libc.a(memcpy.o)
 .data          0x00800106        0x0 c:/program files (x86)/atmel/atmel toolchain/avr8 gcc/native/3.4.2.1002/avr8-gnu-toolchain/bin/../lib/gcc/avr/4.7.2/avr5\libgcc.a(_epilogue.o)
 *(.data*)
 .data.uxTopUsedPriority
                0x00800106        0x1 FreeRTOS/Source/tasks.o
                0x00800106                uxTopUsedPriority
 *(.rodata)
 *(.rodata*)
 .rodata.str1.1
                0x00800107       0x4b Demo/main.o
 .rodata.str1.1
                0x00800152        0x5 FreeRTOS/Source/tasks.o
 *(.gnu.linkonce.d*)
                0x00800158                . = ALIGN (0x2)
 *fill*         0x00800157        0x1 
                0x00800158                _edata = .
                0x00800158                PROVIDE (__data_end, .)

.bss            0x00800158       0x98
                0x00800158                PROVIDE (__bss_start, .)
 *(.bss)
 *(.bss*)
 .bss.uxSchedulerSuspended
                0x00800158        0x1 FreeRTOS/Source/tasks.o
 .bss.xNextTaskUnblockTime
                0x00800159        0x2 FreeRTOS/Source/tasks.o
 .bss.xNumOfOverflows
                0x0080015b        0x1 FreeRTOS/Source/tasks.o
 .bss.xYieldPending
                0x0080015c        0x1 FreeRTOS/Source/tasks.o
 .bss.xPendedTicks
                0x0080015d        0x2 FreeRTOS/Source/tasks.o
 .bss.xSchedulerRunning
                0x0080015f        0x1 FreeRTOS/Source/tasks.o
 .bss.uxTopReadyPriority
                0x00800160        0x1 FreeRTOS/Source/tasks.o
 .bss.xTickCount
                0x00800161        0x2 FreeRTOS/Source/tasks.o
 .bss.uxCurrentNumberOfTasks
                0x00800163        0x1 FreeRTOS/Source/tasks.o
 .bss.uxDeletedTasksWaitingCleanUp
                0x00800164        0x1 FreeRTOS/Source/tasks.o
 .bss.pxOverflowDelayedTaskList
                0x00800165        0x2 FreeRTOS/Source/tasks.o
 .bss.pxDelayedTaskList
                0x00800167        0x2 FreeRTOS/Source/tasks.o
 .bss.pxCurrentTCB
                0x00800169        0x2 FreeRTOS/Source/tasks.o
                0x00800169                pxCurrentTCB
 .bss.uxTaskNumber
                0x0080016b        0x1 FreeRTOS/Source/tasks.o
 .bss.pxReadyTasksLists
                0x0080016c       0x5a FreeRTOS/Source/tasks.o
 .bss.xDelayedTaskList1
                0x008001c6        0x9 FreeRTOS/Source/tasks.o
 .bss.xDelayedTaskList2
                0x008001cf        0x9 FreeRTOS/Source/tasks.o
 .bss.xPendingReadyList
                0x008001d8        0x9 FreeRTOS/Source/tasks.o
 .bss.xTasksWaitingTermination
                0x008001e1        0x9 FreeRTOS/Source/tasks.o
 .bss.xIdleTaskHandle
                0x008001ea        0x2 FreeRTOS/Source/tasks.o
 *(COMMON)
 COMMON         0x008001ec        0x4 c:/program files (x86)/atmel/atmel toolchain/avr8 gcc/native/3.4.2.1002/avr8-gnu-toolchain/bin/../lib/gcc/avr/4.7.2/../../../../avr/lib/avr5\libc.a(malloc.o)
                0x008001ec                __brkval
                0x008001ee                __flp
                0x008001f0                PROVIDE (__bss_end, .)
                0x0000123c                __data_load_start = LOADADDR (.data)
                0x00001294                __data_load_end = (__data_load_start + SIZEOF (.data))

.noinit         0x008001f0        0x0
                0x008001f0                PROVIDE (__noinit_start, .)
 *(.noinit*)
                0x008001f0                PROVIDE (__noinit_end, .)
                0x008001f0                _end = .
                0x008001f0                PROVIDE (__heap_start, .)

.eeprom         0x00810000        0x0
 *(.eeprom*)
                0x00810000                __eeprom_end = .

.fuse
 *(.fuse)
 *(.lfuse)
 *(.hfuse)
 *(.efuse)

.lock
 *(.lock*)

.signature
 *(.signature*)

.user_signatures
 *(.user_signatures*)

.stab           0x00000000      0x750
 *(.stab)
 .stab          0x00000000      0x6cc c:/program files (x86)/atmel/atmel toolchain/avr8 gcc/native/3.4.2.1002/avr8-gnu-toolchain/bin/../lib/gcc/avr/4.7.2/../../../../avr/lib/avr5/crtm328p.o
 .stab          0x000006cc       0x84 c:/program files (x86)/atmel/atmel toolchain/avr8 gcc/native/3.4.2.1002/avr8-gnu-toolchain/bin/../lib/gcc/avr/4.7.2/../../../../avr/lib/avr5\libc.a(memcpy.o)
                                 0x90 (size before relaxing)

.stabstr        0x00000000      0x10b
 *(.stabstr)
 .stabstr       0x00000000      0x10b c:/program files (x86)/atmel/atmel toolchain/avr8 gcc/native/3.4.2.1002/avr8-gnu-toolchain/bin/../lib/gcc/avr/4.7.2/../../../../avr/lib/avr5/crtm328p.o

.stab.excl
 *(.stab.excl)

.stab.exclstr
 *(.stab.exclstr)

.stab.index
 *(.stab.index)

.stab.indexstr
 *(.stab.indexstr)

.comment        0x00000000       0x2f
 *(.comment)
 .comment       0x00000000       0x2f Demo/led.o
                                 0x30 (size before relaxing)
 .comment       0x00000000       0x30 Demo/main.o
 .comment       0x00000000       0x30 FreeRTOS/Source/croutine.o
 .comment       0x00000000       0x30 FreeRTOS/Source/event_groups.o
 .comment       0x00000000       0x30 FreeRTOS/Source/list.o
 .comment       0x00000000       0x30 FreeRTOS/Source/portable/GCC/ATmega328/port.o
 .comment       0x00000000       0x30 FreeRTOS/Source/portable/MemMang/heap_3.o
 .comment       0x00000000       0x30 FreeRTOS/Source/queue.o
 .comment       0x00000000       0x30 FreeRTOS/Source/stream_buffer.o
 .comment       0x00000000       0x30 FreeRTOS/Source/tasks.o
 .comment       0x00000000       0x30 FreeRTOS/Source/timers.o
 .comment       0x00000000       0x30 c:/program files (x86)/atmel/atmel toolchain/avr8 gcc/native/3.4.2.1002/avr8-gnu-toolchain/bin/../lib/gcc/avr/4.7.2/../../../../avr/lib/avr5\libc.a(malloc.o)

.debug
 *(.debug)

.line
 *(.line)

.debug_srcinfo
 *(.debug_srcinfo)

.debug_sfnames
 *(.debug_sfnames)

.debug_aranges  0x00000000      0x4b8
 *(.debug_aranges)
 .debug_aranges
                0x00000000       0x48 Demo/led.o
 .debug_aranges
                0x00000048       0x58 Demo/main.o
 .debug_aranges
                0x000000a0       0x18 FreeRTOS/Source/croutine.o
 .debug_aranges
                0x000000b8       0x68 FreeRTOS/Source/event_groups.o
 .debug_aranges
                0x00000120       0x40 FreeRTOS/Source/list.o
 .debug_aranges
                0x00000160       0x48 FreeRTOS/Source/portable/GCC/ATmega328/port.o
 .debug_aranges
                0x000001a8       0x28 FreeRTOS/Source/portable/MemMang/heap_3.o
 .debug_aranges
                0x000001d0       0xb8 FreeRTOS/Source/queue.o
 .debug_aranges
                0x00000288       0xc0 FreeRTOS/Source/stream_buffer.o
 .debug_aranges
                0x00000348      0x130 FreeRTOS/Source/tasks.o
 .debug_aranges
                0x00000478       0x18 FreeRTOS/Source/timers.o
 .debug_aranges
                0x00000490       0x28 c:/program files (x86)/atmel/atmel toolchain/avr8 gcc/native/3.4.2.1002/avr8-gnu-toolchain/bin/../lib/gcc/avr/4.7.2/../../../../avr/lib/avr5\libc.a(malloc.o)

.debug_pubnames
 *(.debug_pubnames)

.debug_info     0x00000000     0x5c2f
 *(.debug_info)
 .debug_info    0x00000000       0xf1 Demo/led.o
 .debug_info    0x000000f1      0x60c Demo/main.o
 .debug_info    0x000006fd       0x64 FreeRTOS/Source/croutine.o
 .debug_info    0x00000761      0x942 FreeRTOS/Source/event_groups.o
 .debug_info    0x000010a3      0x2d8 FreeRTOS/Source/list.o
 .debug_info    0x0000137b      0x24f FreeRTOS/Source/portable/GCC/ATmega328/port.o
 .debug_info    0x000015ca      0x188 FreeRTOS/Source/portable/MemMang/heap_3.o
 .debug_info    0x00001752     0x1518 FreeRTOS/Source/queue.o
 .debug_info    0x00002c6a     0x1328 FreeRTOS/Source/stream_buffer.o
 .debug_info    0x00003f92     0x19fc FreeRTOS/Source/tasks.o
 .debug_info    0x0000598e       0x64 FreeRTOS/Source/timers.o
 .debug_info    0x000059f2      0x23d c:/program files (x86)/atmel/atmel toolchain/avr8 gcc/native/3.4.2.1002/avr8-gnu-toolchain/bin/../lib/gcc/avr/4.7.2/../../../../avr/lib/avr5\libc.a(malloc.o)
 *(.gnu.linkonce.wi.*)

.debug_abbrev   0x00000000     0x11c8
 *(.debug_abbrev)
 .debug_abbrev  0x00000000       0x51 Demo/led.o
 .debug_abbrev  0x00000051      0x186 Demo/main.o
 .debug_abbrev  0x000001d7       0x26 FreeRTOS/Source/croutine.o
 .debug_abbrev  0x000001fd      0x22f FreeRTOS/Source/event_groups.o
 .debug_abbrev  0x0000042c       0xff FreeRTOS/Source/list.o
 .debug_abbrev  0x0000052b      0x167 FreeRTOS/Source/portable/GCC/ATmega328/port.o
 .debug_abbrev  0x00000692      0x118 FreeRTOS/Source/portable/MemMang/heap_3.o
 .debug_abbrev  0x000007aa      0x300 FreeRTOS/Source/queue.o
 .debug_abbrev  0x00000aaa      0x297 FreeRTOS/Source/stream_buffer.o
 .debug_abbrev  0x00000d41      0x368 FreeRTOS/Source/tasks.o
 .debug_abbrev  0x000010a9       0x26 FreeRTOS/Source/timers.o
 .debug_abbrev  0x000010cf       0xf9 c:/program files (x86)/atmel/atmel toolchain/avr8 gcc/native/3.4.2.1002/avr8-gnu-toolchain/bin/../lib/gcc/avr/4.7.2/../../../../avr/lib/avr5\libc.a(malloc.o)

.debug_line     0x00000000     0x1ff6
 *(.debug_line)
 .debug_line    0x00000000      0x124 Demo/led.o
 .debug_line    0x00000124      0x1f8 Demo/main.o
 .debug_line    0x0000031c       0x1a FreeRTOS/Source/croutine.o
 .debug_line    0x00000336      0x334 FreeRTOS/Source/event_groups.o
 .debug_line    0x0000066a      0x1ab FreeRTOS/Source/list.o
 .debug_line    0x00000815      0x1dd FreeRTOS/Source/portable/GCC/ATmega328/port.o
 .debug_line    0x000009f2      0x1f2 FreeRTOS/Source/portable/MemMang/heap_3.o
 .debug_line    0x00000be4      0x55e FreeRTOS/Source/queue.o
 .debug_line    0x00001142      0x464 FreeRTOS/Source/stream_buffer.o
 .debug_line    0x000015a6      0x828 FreeRTOS/Source/tasks.o
 .debug_line    0x00001dce       0x1a FreeRTOS/Source/timers.o
 .debug_line    0x00001de8      0x20e c:/program files (x86)/atmel/atmel toolchain/avr8 gcc/native/3.4.2.1002/avr8-gnu-toolchain/bin/../lib/gcc/avr/4.7.2/../../../../avr/lib/avr5\libc.a(malloc.o)

.debug_frame    0x00000000      0xfbc
 *(.debug_frame)
 .debug_frame   0x00000000       0x74 Demo/led.o
 .debug_frame   0x00000074       0xf4 Demo/main.o
 .debug_frame   0x00000168      0x168 FreeRTOS/Source/event_groups.o
 .debug_frame   0x000002d0       0x88 FreeRTOS/Source/list.o
 .debug_frame   0x00000358       0x74 FreeRTOS/Source/portable/GCC/ATmega328/port.o
 .debug_frame   0x000003cc       0x4c FreeRTOS/Source/portable/MemMang/heap_3.o
 .debug_frame   0x00000418      0x2f0 FreeRTOS/Source/queue.o
 .debug_frame   0x00000708      0x3f4 FreeRTOS/Source/stream_buffer.o
 .debug_frame   0x00000afc      0x458 FreeRTOS/Source/tasks.o
 .debug_frame   0x00000f54       0x68 c:/program files (x86)/atmel/atmel toolchain/avr8 gcc/native/3.4.2.1002/avr8-gnu-toolchain/bin/../lib/gcc/avr/4.7.2/../../../../avr/lib/avr5\libc.a(malloc.o)

.debug_str      0x00000000     0x18dc
 *(.debug_str)
 .debug_str     0x00000000       0xee Demo/led.o
                                0x122 (size before relaxing)
 .debug_str     0x000000ee      0x135 Demo/main.o
                                0x259 (size before relaxing)
 .debug_str     0x00000223       0x1e FreeRTOS/Source/croutine.o
                                 0xf3 (size before relaxing)
 .debug_str     0x00000241      0x3d8 FreeRTOS/Source/event_groups.o
                                0x50e (size before relaxing)
 .debug_str     0x00000619       0x97 FreeRTOS/Source/list.o
                                0x232 (size before relaxing)
 .debug_str     0x000006b0      0x118 FreeRTOS/Source/portable/GCC/ATmega328/port.o
                                0x237 (size before relaxing)
 .debug_str     0x000007c8       0x4e FreeRTOS/Source/portable/MemMang/heap_3.o
                                0x16b (size before relaxing)
 .debug_str     0x00000816      0x488 FreeRTOS/Source/queue.o
                                0x6f3 (size before relaxing)
 .debug_str     0x00000c9e      0x508 FreeRTOS/Source/stream_buffer.o
                                0x736 (size before relaxing)
 .debug_str     0x000011a6      0x632 FreeRTOS/Source/tasks.o
                                0xbd0 (size before relaxing)
 .debug_str     0x000017d8       0x1c FreeRTOS/Source/timers.o
                                 0xf1 (size before relaxing)
 .debug_str     0x000017f4       0xe8 c:/program files (x86)/atmel/atmel toolchain/avr8 gcc/native/3.4.2.1002/avr8-gnu-toolchain/bin/../lib/gcc/avr/4.7.2/../../../../avr/lib/avr5\libc.a(malloc.o)
                                0x17c (size before relaxing)

.debug_loc      0x00000000     0x670d
 *(.debug_loc)
 .debug_loc     0x00000000      0x262 Demo/main.o
 .debug_loc     0x00000262      0xb7a FreeRTOS/Source/event_groups.o
 .debug_loc     0x00000ddc      0x151 FreeRTOS/Source/list.o
 .debug_loc     0x00000f2d      0x4d0 FreeRTOS/Source/portable/GCC/ATmega328/port.o
 .debug_loc     0x000013fd      0x112 FreeRTOS/Source/portable/MemMang/heap_3.o
 .debug_loc     0x0000150f     0x15d1 FreeRTOS/Source/queue.o
 .debug_loc     0x00002ae0     0x1ad7 FreeRTOS/Source/stream_buffer.o
 .debug_loc     0x000045b7     0x1c5e FreeRTOS/Source/tasks.o
 .debug_loc     0x00006215      0x4f8 c:/program files (x86)/atmel/atmel toolchain/avr8 gcc/native/3.4.2.1002/avr8-gnu-toolchain/bin/../lib/gcc/avr/4.7.2/../../../../avr/lib/avr5\libc.a(malloc.o)

.debug_macinfo
 *(.debug_macinfo)

.debug_pubtypes
 *(.debug_pubtypes)

.debug_ranges   0x00000000      0x518
 *(.debug_ranges)
 .debug_ranges  0x00000000       0x38 Demo/led.o
 .debug_ranges  0x00000038       0x48 Demo/main.o
 .debug_ranges  0x00000080       0x58 FreeRTOS/Source/event_groups.o
 .debug_ranges  0x000000d8       0x30 FreeRTOS/Source/list.o
 .debug_ranges  0x00000108       0x38 FreeRTOS/Source/portable/GCC/ATmega328/port.o
 .debug_ranges  0x00000140       0x18 FreeRTOS/Source/portable/MemMang/heap_3.o
 .debug_ranges  0x00000158      0x150 FreeRTOS/Source/queue.o
 .debug_ranges  0x000002a8       0xb0 FreeRTOS/Source/stream_buffer.o
 .debug_ranges  0x00000358      0x1a8 FreeRTOS/Source/tasks.o
 .debug_ranges  0x00000500       0x18 c:/program files (x86)/atmel/atmel toolchain/avr8 gcc/native/3.4.2.1002/avr8-gnu-toolchain/bin/../lib/gcc/avr/4.7.2/../../../../avr/lib/avr5\libc.a(malloc.o)

.debug_macro
 *(.debug_macro)
OUTPUT(FreeRTOS_ATmega238.elf elf32-avr)
LOAD linker stubs
